data: 2,216,614,397 train / 11,138,765 val chars, vocab 96; run = 197M tokens (0.089 epochs)
model: 4L d=256 h=4 ctx=256  params 3,206,400
  === AdamW@0.003 ===
    [AdamW lr=0.003] step   250  train 2.0911  val 1.9518  (108 ms/step)
    [AdamW lr=0.003] step   500  train 1.4671  val 1.3298  (109 ms/step)
    [AdamW lr=0.003] step   750  train 1.0652  val 1.0135  (109 ms/step)
    [AdamW lr=0.003] step  1000  train 0.9462  val 0.9189  (108 ms/step)
    [AdamW lr=0.003] step  1250  train 0.8920  val 0.8641  (109 ms/step)
    [AdamW lr=0.003] step  1500  train 0.8528  val 0.8340  (109 ms/step)
    [AdamW lr=0.003] step  1750  train 0.8331  val 0.8139  (108 ms/step)
    [AdamW lr=0.003] step  2000  train 0.8119  val 0.7982  (108 ms/step)
    [AdamW lr=0.003] step  2250  train 0.8014  val 0.7878  (108 ms/step)
    [AdamW lr=0.003] step  2500  train 0.7858  val 0.7745  (109 ms/step)
    [AdamW lr=0.003] step  2750  train 0.7753  val 0.7579  (109 ms/step)
    [AdamW lr=0.003] step  3000  train 0.7635  val 0.7474  (109 ms/step)
    [AdamW lr=0.003] step  3250  train 0.7554  val 0.7407  (109 ms/step)
    [AdamW lr=0.003] step  3500  train 0.7451  val 0.7305  (109 ms/step)
    [AdamW lr=0.003] step  3750  train 0.7365  val 0.7215  (109 ms/step)
    [AdamW lr=0.003] step  4000  train 0.7254  val 0.7093  (108 ms/step)
    [AdamW lr=0.003] step  4250  train 0.7219  val 0.7047  (108 ms/step)
    [AdamW lr=0.003] step  4500  train 0.7149  val 0.7011  (108 ms/step)
    [AdamW lr=0.003] step  4750  train 0.7071  val 0.6939  (108 ms/step)
    [AdamW lr=0.003] step  5000  train 0.7044  val 0.6900  (108 ms/step)
    [AdamW lr=0.003] step  5250  train 0.6989  val 0.6883  (108 ms/step)
    [AdamW lr=0.003] step  5500  train 0.6963  val 0.6818  (108 ms/step)
    [AdamW lr=0.003] step  5750  train 0.6921  val 0.6810  (108 ms/step)
    [AdamW lr=0.003] step  6000  train 0.6892  val 0.6760  (109 ms/step)
  => AdamW@0.003: final val 0.6760, 109 ms/step, 717s total
  === SOAP-2s@0.01 ===
    [SOAP-2s lr=0.01] step   250  train 2.2180  val 2.1599  (131 ms/step)
    [SOAP-2s lr=0.01] step   500  train 1.7964  val 1.6428  (132 ms/step)
    [SOAP-2s lr=0.01] step   750  train 1.0958  val 1.0443  (132 ms/step)
    [SOAP-2s lr=0.01] step  1000  train 0.9816  val 0.9567  (132 ms/step)
    [SOAP-2s lr=0.01] step  1250  train 0.9275  val 0.9014  (132 ms/step)
    [SOAP-2s lr=0.01] step  1500  train 0.8906  val 0.8796  (132 ms/step)
    [SOAP-2s lr=0.01] step  1750  train 0.8686  val 0.8833  (132 ms/step)
    [SOAP-2s lr=0.01] step  2000  train 0.8482  val 0.8434  (132 ms/step)
    [SOAP-2s lr=0.01] step  2250  train 0.8385  val 0.8240  (132 ms/step)
    [SOAP-2s lr=0.01] step  2500  train 0.8232  val 0.8183  (132 ms/step)
    [SOAP-2s lr=0.01] step  2750  train 0.8204  val 0.8050  (132 ms/step)
    [SOAP-2s lr=0.01] step  3000  train 0.8013  val 0.7947  (132 ms/step)
    [SOAP-2s lr=0.01] step  3250  train 0.7949  val 0.7907  (132 ms/step)
    [SOAP-2s lr=0.01] step  3500  train 0.7884  val 0.7800  (133 ms/step)
    [SOAP-2s lr=0.01] step  3750  train 0.7826  val 0.7687  (132 ms/step)
    [SOAP-2s lr=0.01] step  4000  train 0.7712  val 0.7603  (133 ms/step)
    [SOAP-2s lr=0.01] step  4250  train 0.7667  val 0.7556  (133 ms/step)
    [SOAP-2s lr=0.01] step  4500  train 2.2267  val 2.2055  (133 ms/step)
    [SOAP-2s lr=0.01] step  4750  train 1.7075  val 1.4999  (133 ms/step)
    [SOAP-2s lr=0.01] step  5000  train 1.0641  val 1.0247  (132 ms/step)
    [SOAP-2s lr=0.01] step  5250  train 0.9360  val 0.9101  (133 ms/step)
    [SOAP-2s lr=0.01] step  5500  train 0.8823  val 0.8660  (132 ms/step)
    [SOAP-2s lr=0.01] step  5750  train 0.8472  val 0.8337  (132 ms/step)
    [SOAP-2s lr=0.01] step  6000  train 0.8240  val 0.8118  (133 ms/step)
  => SOAP-2s@0.01: final val 0.8118, 133 ms/step, 867s total
  === HybridSOAP@0.01 ===
    [HybridSOAP lr=0.01] step   250  train 2.6530  val 2.6368  (153 ms/step)
    [HybridSOAP lr=0.01] step   500  train 2.0827  val 2.0326  (154 ms/step)
    [HybridSOAP lr=0.01] step   750  train 1.6302  val 1.5459  (155 ms/step)
    [HybridSOAP lr=0.01] step  1000  train 1.1419  val 1.1087  (154 ms/step)
    [HybridSOAP lr=0.01] step  1250  train 1.0431  val 1.0200  (154 ms/step)
    [HybridSOAP lr=0.01] step  1500  train 0.9849  val 0.9702  (153 ms/step)
    [HybridSOAP lr=0.01] step  1750  train 0.9533  val 0.9453  (154 ms/step)
    [HybridSOAP lr=0.01] step  2000  train 0.9229  val 0.9160  (153 ms/step)
    [HybridSOAP lr=0.01] step  2250  train 0.9075  val 0.8970  (153 ms/step)
    [HybridSOAP lr=0.01] step  2500  train 0.8882  val 0.8823  (154 ms/step)
    [HybridSOAP lr=0.01] step  2750  train 0.8756  val 0.8715  (153 ms/step)
    [HybridSOAP lr=0.01] step  3000  train 0.8613  val 0.8551  (153 ms/step)
    [HybridSOAP lr=0.01] step  3250  train 0.8542  val 0.8485  (154 ms/step)
    [HybridSOAP lr=0.01] step  3500  train 0.8461  val 0.8317  (153 ms/step)
    [HybridSOAP lr=0.01] step  3750  train 0.8399  val 0.8265  (153 ms/step)
    [HybridSOAP lr=0.01] step  4000  train 0.8306  val 0.8228  (154 ms/step)
    [HybridSOAP lr=0.01] step  4250  train 0.8274  val 0.8139  (153 ms/step)
    [HybridSOAP lr=0.01] step  4500  train 0.8215  val 0.8114  (153 ms/step)
    [HybridSOAP lr=0.01] step  4750  train 0.8128  val 0.8035  (153 ms/step)
    [HybridSOAP lr=0.01] step  5000  train 0.8106  val 0.8016  (153 ms/step)
    [HybridSOAP lr=0.01] step  5250  train 0.8037  val 0.7965  (153 ms/step)
    [HybridSOAP lr=0.01] step  5500  train 0.8007  val 0.7867  (153 ms/step)
    [HybridSOAP lr=0.01] step  5750  train 0.7936  val 0.7900  (154 ms/step)
    [HybridSOAP lr=0.01] step  6000  train 0.7891  val 0.7831  (153 ms/step)
  => HybridSOAP@0.01: final val 0.7831, 153 ms/step, 977s total
  === NatCurv@0.01 ===
Traceback (most recent call last):
  File "/teamspace/studios/this_studio/native-curvature-engine/gpt_gpu.py", line 405, in <module>
    main()
  File "/teamspace/studios/this_studio/native-curvature-engine/gpt_gpu.py", line 384, in main
    hist, ms = train_run(name, mk, lr, train_ids, val_ids, V)
               ^^^^^^^^^^^^^^^^^^^^^^^^^^^^^^^^^^^^^^^^^^^^^^
  File "/teamspace/studios/this_studio/native-curvature-engine/gpt_gpu.py", line 312, in train_run
    opt = mk_opt(lr)
          ^^^^^^^^^^
  File "/teamspace/studios/this_studio/native-curvature-engine/gpt_gpu.py", line 377, in <lambda>
    ("NatCurv",    lambda lr: NatCurvG(lr),              [1e-2, 3e-2]),
                              ^^^^^^^^
NameError: name 'NatCurvG' is not defined
